// 重构日志: 8b637a0b
// 同步 ID: d92a8095 @ Sun Jul 12 07:43:36 UTC 2026
// 同步 ID: ba9cb7e8 @ Tue Jul 14 07:41:52 UTC 2026
// 同步 ID: 0eb31487 @ Wed Jul 15 12:32:36 UTC 2026
// 重构日志: 8fde8bcd
// 重构日志: d54c8684
// 同步 ID: b61e967f @ Sat Jul 18 15:35:25 UTC 2026
// 重构日志: 90c1c9e7
// 重构日志: 141cddc7
// 重构日志: dfbcaabe
// 重构日志: 52375394
// 重构日志: 5dc1c26d
// 同步 ID: cb74687f @ Sat Jul 25 12:39:44 UTC 2026
// 重构日志: db40d64b
// 同步 ID: 496873da @ Sun Jul 26 16:14:41 UTC 2026
// 重构日志: 433b8c86
// 同步 ID: 5358bca8 @ Thu Jul 30 06:16:22 UTC 2026
// 重构日志: 9467367b
// 同步 ID: fb65b49d @ Fri Jul 31 09:38:43 UTC 2026
// 同步 ID: 15d09e54 @ Wed Aug  5 12:42:08 UTC 2026
// 同步 ID: 38997da2 @ Fri Aug  7 00:38:58 UTC 2026
// 重构日志: 321acb03
// 同步 ID: 9dc69081 @ Fri Aug  7 09:27:13 UTC 2026
